INFO:     Started server process [29708]
INFO:     Waiting for application startup.
INFO:     Application startup complete.
INFO:     Uvicorn running on http://127.0.0.1:8000 (Press CTRL+C to quit)
INFO:navigation_api:{"method": "GET", "path": "/health", "status": 200, "duration_ms": 9.07}
INFO:navigation_api:{"method": "OPTIONS", "path": "/health", "status": 400, "duration_ms": 0.6}
INFO:navigation_api:{"method": "OPTIONS", "path": "/api/v1/forecast/icebergs", "status": 400, "duration_ms": 1.89}
ERROR:asyncio:Exception in callback _ProactorBasePipeTransport._call_connection_lost(None)
handle: <Handle _ProactorBasePipeTransport._call_connection_lost(None)>
Traceback (most recent call last):
  File "C:\Users\souma\AppData\Local\Programs\Python\Python312\Lib\asyncio\events.py", line 88, in _run
    self._context.run(self._callback, *self._args)
  File "C:\Users\souma\AppData\Local\Programs\Python\Python312\Lib\asyncio\proactor_events.py", line 165, in _call_connection_lost
    self._sock.shutdown(socket.SHUT_RDWR)
ConnectionResetError: [WinError 10054] An existing connection was forcibly closed by the remote host
INFO:navigation_api:{"method": "OPTIONS", "path": "/api/v1/compute-routes", "status": 400, "duration_ms": 46.38}
INFO:navigation_api:{"method": "OPTIONS", "path": "/health", "status": 400, "duration_ms": 47.36}
INFO:navigation_api:{"method": "OPTIONS", "path": "/api/v1/forecast/icebergs", "status": 400, "duration_ms": 49.13}
INFO:navigation_api:{"method": "OPTIONS", "path": "/api/v1/compute-routes", "status": 400, "duration_ms": 9.02}
INFO:navigation_api:{"method": "OPTIONS", "path": "/api/v1/icebergs/active", "status": 400, "duration_ms": 0.35}
INFO:navigation_api:{"method": "OPTIONS", "path": "/api/v1/icebergs/active", "status": 400, "duration_ms": 0.56}
INFO:navigation_api:{"method": "OPTIONS", "path": "/health", "status": 400, "duration_ms": 0.59}
INFO:navigation_api:{"method": "OPTIONS", "path": "/health", "status": 400, "duration_ms": 1.67}
ERROR:asyncio:Exception in callback _ProactorBasePipeTransport._call_connection_lost(None)
handle: <Handle _ProactorBasePipeTransport._call_connection_lost(None)>
Traceback (most recent call last):
  File "C:\Users\souma\AppData\Local\Programs\Python\Python312\Lib\asyncio\events.py", line 88, in _run
    self._context.run(self._callback, *self._args)
  File "C:\Users\souma\AppData\Local\Programs\Python\Python312\Lib\asyncio\proactor_events.py", line 165, in _call_connection_lost
    self._sock.shutdown(socket.SHUT_RDWR)
ConnectionResetError: [WinError 10054] An existing connection was forcibly closed by the remote host
INFO:navigation_api:{"method": "OPTIONS", "path": "/api/v1/forecast/icebergs", "status": 400, "duration_ms": 6.95}
INFO:navigation_api:{"method": "OPTIONS", "path": "/api/v1/compute-routes", "status": 400, "duration_ms": 6.28}
INFO:navigation_api:{"method": "OPTIONS", "path": "/health", "status": 400, "duration_ms": 6.03}
INFO:navigation_api:{"method": "OPTIONS", "path": "/api/v1/forecast/icebergs", "status": 400, "duration_ms": 9.76}
INFO:navigation_api:{"method": "OPTIONS", "path": "/api/v1/compute-routes", "status": 400, "duration_ms": 13.18}
ERROR:asyncio:Exception in callback _ProactorBasePipeTransport._call_connection_lost(None)
handle: <Handle _ProactorBasePipeTransport._call_connection_lost(None)>
Traceback (most recent call last):
  File "C:\Users\souma\AppData\Local\Programs\Python\Python312\Lib\asyncio\events.py", line 88, in _run
    self._context.run(self._callback, *self._args)
  File "C:\Users\souma\AppData\Local\Programs\Python\Python312\Lib\asyncio\proactor_events.py", line 165, in _call_connection_lost
    self._sock.shutdown(socket.SHUT_RDWR)
ConnectionResetError: [WinError 10054] An existing connection was forcibly closed by the remote host
INFO:navigation_api:{"method": "OPTIONS", "path": "/api/v1/icebergs/active", "status": 400, "duration_ms": 0.76}
INFO:navigation_api:{"method": "OPTIONS", "path": "/api/v1/icebergs/active", "status": 400, "duration_ms": 0.93}
INFO:navigation_api:{"method": "OPTIONS", "path": "/health", "status": 400, "duration_ms": 0.47}
INFO:navigation_api:{"method": "OPTIONS", "path": "/health", "status": 400, "duration_ms": 0.68}
INFO:navigation_api:{"method": "OPTIONS", "path": "/health", "status": 400, "duration_ms": 0.49}
INFO:navigation_api:{"method": "OPTIONS", "path": "/health", "status": 400, "duration_ms": 0.34}
INFO:navigation_api:{"method": "OPTIONS", "path": "/health", "status": 400, "duration_ms": 0.43}
INFO:navigation_api:{"method": "OPTIONS", "path": "/health", "status": 400, "duration_ms": 0.82}
INFO:navigation_api:{"method": "OPTIONS", "path": "/health", "status": 400, "duration_ms": 0.73}
INFO:navigation_api:{"method": "OPTIONS", "path": "/health", "status": 400, "duration_ms": 0.53}
INFO:navigation_api:{"method": "OPTIONS", "path": "/health", "status": 400, "duration_ms": 0.51}
INFO:navigation_api:{"method": "OPTIONS", "path": "/health", "status": 400, "duration_ms": 1.24}
INFO:navigation_api:{"method": "OPTIONS", "path": "/health", "status": 400, "duration_ms": 0.57}
INFO:navigation_api:{"method": "OPTIONS", "path": "/health", "status": 400, "duration_ms": 0.8}
INFO:navigation_api:{"method": "OPTIONS", "path": "/health", "status": 400, "duration_ms": 0.6}
INFO:navigation_api:{"method": "OPTIONS", "path": "/health", "status": 400, "duration_ms": 0.61}
INFO:navigation_api:{"method": "OPTIONS", "path": "/health", "status": 400, "duration_ms": 1.44}
INFO:navigation_api:{"method": "OPTIONS", "path": "/health", "status": 400, "duration_ms": 0.65}
INFO:navigation_api:{"method": "OPTIONS", "path": "/health", "status": 400, "duration_ms": 0.61}
INFO:navigation_api:{"method": "OPTIONS", "path": "/health", "status": 400, "duration_ms": 0.65}
INFO:navigation_api:{"method": "OPTIONS", "path": "/health", "status": 400, "duration_ms": 0.77}
INFO:navigation_api:{"method": "OPTIONS", "path": "/health", "status": 400, "duration_ms": 0.37}
INFO:navigation_api:{"method": "OPTIONS", "path": "/health", "status": 400, "duration_ms": 0.51}
INFO:navigation_api:{"method": "OPTIONS", "path": "/health", "status": 400, "duration_ms": 0.6}
INFO:navigation_api:{"method": "OPTIONS", "path": "/health", "status": 400, "duration_ms": 0.7}
INFO:navigation_api:{"method": "OPTIONS", "path": "/health", "status": 400, "duration_ms": 0.6}
INFO:navigation_api:{"method": "OPTIONS", "path": "/health", "status": 400, "duration_ms": 0.36}
INFO:navigation_api:{"method": "OPTIONS", "path": "/health", "status": 400, "duration_ms": 0.49}
INFO:navigation_api:{"method": "OPTIONS", "path": "/health", "status": 400, "duration_ms": 0.42}
INFO:navigation_api:{"method": "OPTIONS", "path": "/health", "status": 400, "duration_ms": 0.72}
INFO:navigation_api:{"method": "OPTIONS", "path": "/health", "status": 400, "duration_ms": 0.37}
INFO:navigation_api:{"method": "OPTIONS", "path": "/health", "status": 400, "duration_ms": 0.39}
INFO:navigation_api:{"method": "OPTIONS", "path": "/health", "status": 400, "duration_ms": 0.53}
INFO:navigation_api:{"method": "OPTIONS", "path": "/health", "status": 400, "duration_ms": 0.56}
INFO:navigation_api:{"method": "OPTIONS", "path": "/health", "status": 400, "duration_ms": 0.38}
INFO:navigation_api:{"method": "OPTIONS", "path": "/health", "status": 400, "duration_ms": 0.62}
INFO:navigation_api:{"method": "OPTIONS", "path": "/health", "status": 400, "duration_ms": 0.48}
INFO:navigation_api:{"method": "OPTIONS", "path": "/health", "status": 400, "duration_ms": 0.35}
ERROR:asyncio:Exception in callback _ProactorBasePipeTransport._call_connection_lost(None)
handle: <Handle _ProactorBasePipeTransport._call_connection_lost(None)>
Traceback (most recent call last):
  File "C:\Users\souma\AppData\Local\Programs\Python\Python312\Lib\asyncio\events.py", line 88, in _run
    self._context.run(self._callback, *self._args)
  File "C:\Users\souma\AppData\Local\Programs\Python\Python312\Lib\asyncio\proactor_events.py", line 165, in _call_connection_lost
    self._sock.shutdown(socket.SHUT_RDWR)
ConnectionResetError: [WinError 10054] An existing connection was forcibly closed by the remote host
INFO:navigation_api:{"method": "OPTIONS", "path": "/health", "status": 400, "duration_ms": 0.52}
INFO:navigation_api:{"method": "OPTIONS", "path": "/health", "status": 400, "duration_ms": 0.54}
INFO:navigation_api:{"method": "OPTIONS", "path": "/health", "status": 400, "duration_ms": 0.64}
INFO:navigation_api:{"method": "OPTIONS", "path": "/health", "status": 400, "duration_ms": 0.43}
INFO:navigation_api:{"method": "OPTIONS", "path": "/health", "status": 400, "duration_ms": 0.49}
INFO:navigation_api:{"method": "OPTIONS", "path": "/health", "status": 400, "duration_ms": 0.45}
INFO:navigation_api:{"method": "OPTIONS", "path": "/health", "status": 400, "duration_ms": 0.63}
INFO:navigation_api:{"method": "OPTIONS", "path": "/health", "status": 400, "duration_ms": 0.29}
INFO:navigation_api:{"method": "OPTIONS", "path": "/health", "status": 400, "duration_ms": 0.36}
INFO:navigation_api:{"method": "OPTIONS", "path": "/health", "status": 400, "duration_ms": 0.56}
INFO:navigation_api:{"method": "OPTIONS", "path": "/health", "status": 400, "duration_ms": 0.26}
INFO:navigation_api:{"method": "OPTIONS", "path": "/health", "status": 400, "duration_ms": 0.71}
INFO:navigation_api:{"method": "OPTIONS", "path": "/api/v1/forecast/icebergs", "status": 400, "duration_ms": 2.29}
INFO:navigation_api:{"method": "OPTIONS", "path": "/api/v1/compute-routes", "status": 400, "duration_ms": 3.56}
INFO:navigation_api:{"method": "OPTIONS", "path": "/api/v1/compute-routes", "status": 400, "duration_ms": 4.86}
INFO:navigation_api:{"method": "OPTIONS", "path": "/health", "status": 400, "duration_ms": 4.83}
ERROR:asyncio:Exception in callback _ProactorBasePipeTransport._call_connection_lost(None)
handle: <Handle _ProactorBasePipeTransport._call_connection_lost(None)>
Traceback (most recent call last):
  File "C:\Users\souma\AppData\Local\Programs\Python\Python312\Lib\asyncio\events.py", line 88, in _run
    self._context.run(self._callback, *self._args)
  File "C:\Users\souma\AppData\Local\Programs\Python\Python312\Lib\asyncio\proactor_events.py", line 165, in _call_connection_lost
    self._sock.shutdown(socket.SHUT_RDWR)
ConnectionResetError: [WinError 10054] An existing connection was forcibly closed by the remote host
INFO:navigation_api:{"method": "OPTIONS", "path": "/api/v1/forecast/icebergs", "status": 400, "duration_ms": 7.28}
ERROR:asyncio:Exception in callback _ProactorBasePipeTransport._call_connection_lost(None)
handle: <Handle _ProactorBasePipeTransport._call_connection_lost(None)>
Traceback (most recent call last):
  File "C:\Users\souma\AppData\Local\Programs\Python\Python312\Lib\asyncio\events.py", line 88, in _run
    self._context.run(self._callback, *self._args)
  File "C:\Users\souma\AppData\Local\Programs\Python\Python312\Lib\asyncio\proactor_events.py", line 165, in _call_connection_lost
    self._sock.shutdown(socket.SHUT_RDWR)
ConnectionResetError: [WinError 10054] An existing connection was forcibly closed by the remote host
INFO:navigation_api:{"method": "OPTIONS", "path": "/api/v1/icebergs/active", "status": 400, "duration_ms": 0.26}
INFO:navigation_api:{"method": "OPTIONS", "path": "/api/v1/icebergs/active", "status": 400, "duration_ms": 0.32}
INFO:navigation_api:{"method": "OPTIONS", "path": "/health", "status": 400, "duration_ms": 0.37}
INFO:navigation_api:{"method": "OPTIONS", "path": "/health", "status": 400, "duration_ms": 0.37}
INFO:navigation_api:{"method": "OPTIONS", "path": "/health", "status": 400, "duration_ms": 0.38}
INFO:navigation_api:{"method": "OPTIONS", "path": "/health", "status": 400, "duration_ms": 0.4}
INFO:navigation_api:{"method": "OPTIONS", "path": "/health", "status": 400, "duration_ms": 0.23}
INFO:navigation_api:{"method": "OPTIONS", "path": "/health", "status": 400, "duration_ms": 0.42}
INFO:navigation_api:{"method": "OPTIONS", "path": "/health", "status": 400, "duration_ms": 0.76}
INFO:navigation_api:{"method": "OPTIONS", "path": "/health", "status": 400, "duration_ms": 0.4}
INFO:navigation_api:{"method": "OPTIONS", "path": "/health", "status": 400, "duration_ms": 0.63}
INFO:navigation_api:{"method": "OPTIONS", "path": "/health", "status": 400, "duration_ms": 0.57}
INFO:navigation_api:{"method": "OPTIONS", "path": "/health", "status": 400, "duration_ms": 0.27}
INFO:navigation_api:{"method": "OPTIONS", "path": "/health", "status": 400, "duration_ms": 0.52}
INFO:navigation_api:{"method": "OPTIONS", "path": "/health", "status": 400, "duration_ms": 0.39}
INFO:navigation_api:{"method": "OPTIONS", "path": "/health", "status": 400, "duration_ms": 0.38}
INFO:navigation_api:{"method": "OPTIONS", "path": "/health", "status": 400, "duration_ms": 0.42}
INFO:navigation_api:{"method": "OPTIONS", "path": "/health", "status": 400, "duration_ms": 0.61}
INFO:navigation_api:{"method": "OPTIONS", "path": "/health", "status": 400, "duration_ms": 0.4}
INFO:navigation_api:{"method": "OPTIONS", "path": "/health", "status": 400, "duration_ms": 0.44}
INFO:navigation_api:{"method": "OPTIONS", "path": "/health", "status": 400, "duration_ms": 0.38}
INFO:navigation_api:{"method": "OPTIONS", "path": "/health", "status": 400, "duration_ms": 0.49}
INFO:navigation_api:{"method": "OPTIONS", "path": "/health", "status": 400, "duration_ms": 0.34}
INFO:navigation_api:{"method": "OPTIONS", "path": "/health", "status": 400, "duration_ms": 0.36}
INFO:navigation_api:{"method": "OPTIONS", "path": "/health", "status": 400, "duration_ms": 0.6}
INFO:navigation_api:{"method": "OPTIONS", "path": "/health", "status": 400, "duration_ms": 0.44}
INFO:navigation_api:{"method": "OPTIONS", "path": "/health", "status": 400, "duration_ms": 0.45}
INFO:navigation_api:{"method": "OPTIONS", "path": "/health", "status": 400, "duration_ms": 0.35}
INFO:navigation_api:{"method": "OPTIONS", "path": "/health", "status": 400, "duration_ms": 0.53}
INFO:navigation_api:{"method": "OPTIONS", "path": "/health", "status": 400, "duration_ms": 0.32}
INFO:navigation_api:{"method": "OPTIONS", "path": "/health", "status": 400, "duration_ms": 0.37}
INFO:navigation_api:{"method": "OPTIONS", "path": "/health", "status": 400, "duration_ms": 0.49}
INFO:navigation_api:{"method": "OPTIONS", "path": "/health", "status": 400, "duration_ms": 0.93}
INFO:navigation_api:{"method": "OPTIONS", "path": "/health", "status": 400, "duration_ms": 4.52}
INFO:navigation_api:{"method": "OPTIONS", "path": "/health", "status": 400, "duration_ms": 1.25}
INFO:navigation_api:{"method": "OPTIONS", "path": "/health", "status": 400, "duration_ms": 4.92}
INFO:navigation_api:{"method": "OPTIONS", "path": "/health", "status": 400, "duration_ms": 1.74}
INFO:navigation_api:{"method": "OPTIONS", "path": "/health", "status": 400, "duration_ms": 1.46}
INFO:navigation_api:{"method": "OPTIONS", "path": "/health", "status": 400, "duration_ms": 0.5}
INFO:navigation_api:{"method": "OPTIONS", "path": "/health", "status": 400, "duration_ms": 0.54}
INFO:navigation_api:{"method": "OPTIONS", "path": "/health", "status": 400, "duration_ms": 0.36}
INFO:navigation_api:{"method": "OPTIONS", "path": "/health", "status": 400, "duration_ms": 0.3}
INFO:navigation_api:{"method": "OPTIONS", "path": "/health", "status": 400, "duration_ms": 1.28}
INFO:navigation_api:{"method": "OPTIONS", "path": "/health", "status": 400, "duration_ms": 4.83}
INFO:navigation_api:{"method": "OPTIONS", "path": "/health", "status": 400, "duration_ms": 0.66}
INFO:navigation_api:{"method": "OPTIONS", "path": "/health", "status": 400, "duration_ms": 0.44}
INFO:navigation_api:{"method": "OPTIONS", "path": "/health", "status": 400, "duration_ms": 0.53}
INFO:navigation_api:{"method": "OPTIONS", "path": "/health", "status": 400, "duration_ms": 0.72}
INFO:navigation_api:{"method": "OPTIONS", "path": "/health", "status": 400, "duration_ms": 1.53}
INFO:navigation_api:{"method": "OPTIONS", "path": "/health", "status": 400, "duration_ms": 0.77}
INFO:navigation_api:{"method": "OPTIONS", "path": "/health", "status": 400, "duration_ms": 0.71}
INFO:navigation_api:{"method": "OPTIONS", "path": "/health", "status": 400, "duration_ms": 0.46}
INFO:navigation_api:{"method": "OPTIONS", "path": "/health", "status": 400, "duration_ms": 0.4}
INFO:navigation_api:{"method": "OPTIONS", "path": "/health", "status": 400, "duration_ms": 0.38}
INFO:navigation_api:{"method": "OPTIONS", "path": "/health", "status": 400, "duration_ms": 0.35}
INFO:navigation_api:{"method": "OPTIONS", "path": "/health", "status": 400, "duration_ms": 0.48}
INFO:navigation_api:{"method": "OPTIONS", "path": "/health", "status": 400, "duration_ms": 0.41}
INFO:navigation_api:{"method": "OPTIONS", "path": "/health", "status": 400, "duration_ms": 1.0}
INFO:navigation_api:{"method": "OPTIONS", "path": "/health", "status": 400, "duration_ms": 0.38}
INFO:navigation_api:{"method": "OPTIONS", "path": "/health", "status": 400, "duration_ms": 0.66}
INFO:navigation_api:{"method": "OPTIONS", "path": "/health", "status": 400, "duration_ms": 0.37}
INFO:navigation_api:{"method": "OPTIONS", "path": "/health", "status": 400, "duration_ms": 0.43}
INFO:navigation_api:{"method": "OPTIONS", "path": "/health", "status": 400, "duration_ms": 0.38}
INFO:navigation_api:{"method": "OPTIONS", "path": "/health", "status": 400, "duration_ms": 0.4}
INFO:navigation_api:{"method": "OPTIONS", "path": "/health", "status": 400, "duration_ms": 0.43}
INFO:navigation_api:{"method": "OPTIONS", "path": "/health", "status": 400, "duration_ms": 0.24}
INFO:navigation_api:{"method": "OPTIONS", "path": "/api/v1/forecast/icebergs", "status": 400, "duration_ms": 1.7}
INFO:navigation_api:{"method": "OPTIONS", "path": "/api/v1/compute-routes", "status": 400, "duration_ms": 5.3}
ERROR:asyncio:Exception in callback _ProactorBasePipeTransport._call_connection_lost(None)
handle: <Handle _ProactorBasePipeTransport._call_connection_lost(None)>
Traceback (most recent call last):
  File "C:\Users\souma\AppData\Local\Programs\Python\Python312\Lib\asyncio\events.py", line 88, in _run
    self._context.run(self._callback, *self._args)
  File "C:\Users\souma\AppData\Local\Programs\Python\Python312\Lib\asyncio\proactor_events.py", line 165, in _call_connection_lost
    self._sock.shutdown(socket.SHUT_RDWR)
ConnectionResetError: [WinError 10054] An existing connection was forcibly closed by the remote host
ERROR:asyncio:Exception in callback _ProactorBasePipeTransport._call_connection_lost(None)
handle: <Handle _ProactorBasePipeTransport._call_connection_lost(None)>
Traceback (most recent call last):
  File "C:\Users\souma\AppData\Local\Programs\Python\Python312\Lib\asyncio\events.py", line 88, in _run
    self._context.run(self._callback, *self._args)
  File "C:\Users\souma\AppData\Local\Programs\Python\Python312\Lib\asyncio\proactor_events.py", line 165, in _call_connection_lost
    self._sock.shutdown(socket.SHUT_RDWR)
ConnectionResetError: [WinError 10054] An existing connection was forcibly closed by the remote host
INFO:navigation_api:{"method": "OPTIONS", "path": "/health", "status": 400, "duration_ms": 7.23}
INFO:navigation_api:{"method": "OPTIONS", "path": "/api/v1/forecast/icebergs", "status": 400, "duration_ms": 9.37}
INFO:navigation_api:{"method": "OPTIONS", "path": "/api/v1/compute-routes", "status": 400, "duration_ms": 8.7}
ERROR:asyncio:Exception in callback _ProactorBasePipeTransport._call_connection_lost(None)
handle: <Handle _ProactorBasePipeTransport._call_connection_lost(None)>
Traceback (most recent call last):
  File "C:\Users\souma\AppData\Local\Programs\Python\Python312\Lib\asyncio\events.py", line 88, in _run
    self._context.run(self._callback, *self._args)
  File "C:\Users\souma\AppData\Local\Programs\Python\Python312\Lib\asyncio\proactor_events.py", line 165, in _call_connection_lost
    self._sock.shutdown(socket.SHUT_RDWR)
ConnectionResetError: [WinError 10054] An existing connection was forcibly closed by the remote host
INFO:navigation_api:{"method": "OPTIONS", "path": "/api/v1/icebergs/active", "status": 400, "duration_ms": 0.22}
INFO:navigation_api:{"method": "OPTIONS", "path": "/api/v1/icebergs/active", "status": 400, "duration_ms": 0.2}
INFO:navigation_api:{"method": "OPTIONS", "path": "/health", "status": 400, "duration_ms": 0.81}
INFO:navigation_api:{"method": "OPTIONS", "path": "/health", "status": 400, "duration_ms": 0.27}
INFO:navigation_api:{"method": "OPTIONS", "path": "/health", "status": 400, "duration_ms": 0.52}
INFO:navigation_api:{"method": "OPTIONS", "path": "/api/v1/forecast/icebergs", "status": 400, "duration_ms": 1.52}
INFO:navigation_api:{"method": "OPTIONS", "path": "/api/v1/compute-routes", "status": 400, "duration_ms": 3.76}
INFO:navigation_api:{"method": "OPTIONS", "path": "/health", "status": 400, "duration_ms": 6.36}
INFO:navigation_api:{"method": "OPTIONS", "path": "/api/v1/forecast/icebergs", "status": 400, "duration_ms": 7.94}
INFO:navigation_api:{"method": "OPTIONS", "path": "/api/v1/compute-routes", "status": 400, "duration_ms": 7.53}
INFO:navigation_api:{"method": "OPTIONS", "path": "/api/v1/icebergs/active", "status": 400, "duration_ms": 3.82}
ERROR:asyncio:Exception in callback _ProactorBasePipeTransport._call_connection_lost(None)
handle: <Handle _ProactorBasePipeTransport._call_connection_lost(None)>
Traceback (most recent call last):
  File "C:\Users\souma\AppData\Local\Programs\Python\Python312\Lib\asyncio\events.py", line 88, in _run
    self._context.run(self._callback, *self._args)
  File "C:\Users\souma\AppData\Local\Programs\Python\Python312\Lib\asyncio\proactor_events.py", line 165, in _call_connection_lost
    self._sock.shutdown(socket.SHUT_RDWR)
ConnectionResetError: [WinError 10054] An existing connection was forcibly closed by the remote host
INFO:navigation_api:{"method": "OPTIONS", "path": "/api/v1/icebergs/active", "status": 400, "duration_ms": 0.79}
INFO:navigation_api:{"method": "OPTIONS", "path": "/health", "status": 400, "duration_ms": 1.27}
INFO:navigation_api:{"method": "OPTIONS", "path": "/api/v1/forecast/icebergs", "status": 400, "duration_ms": 4.94}
INFO:navigation_api:{"method": "OPTIONS", "path": "/api/v1/compute-routes", "status": 400, "duration_ms": 10.27}
INFO:navigation_api:{"method": "OPTIONS", "path": "/health", "status": 400, "duration_ms": 9.47}
INFO:navigation_api:{"method": "OPTIONS", "path": "/api/v1/compute-routes", "status": 400, "duration_ms": 12.49}
INFO:navigation_api:{"method": "OPTIONS", "path": "/api/v1/forecast/icebergs", "status": 400, "duration_ms": 16.79}
INFO:navigation_api:{"method": "OPTIONS", "path": "/api/v1/icebergs/active", "status": 400, "duration_ms": 1.92}
INFO:navigation_api:{"method": "OPTIONS", "path": "/api/v1/icebergs/active", "status": 400, "duration_ms": 0.51}
INFO:navigation_api:{"method": "OPTIONS", "path": "/health", "status": 400, "duration_ms": 0.49}
INFO:navigation_api:{"method": "OPTIONS", "path": "/api/v1/forecast/icebergs", "status": 400, "duration_ms": 0.44}
INFO:navigation_api:{"method": "OPTIONS", "path": "/api/v1/compute-routes", "status": 400, "duration_ms": 0.4}
INFO:navigation_api:{"method": "OPTIONS", "path": "/health", "status": 400, "duration_ms": 0.5}
INFO:navigation_api:{"method": "OPTIONS", "path": "/api/v1/forecast/icebergs", "status": 400, "duration_ms": 0.59}
INFO:navigation_api:{"method": "OPTIONS", "path": "/api/v1/compute-routes", "status": 400, "duration_ms": 0.78}
INFO:navigation_api:{"method": "OPTIONS", "path": "/api/v1/icebergs/active", "status": 400, "duration_ms": 0.64}
INFO:navigation_api:{"method": "OPTIONS", "path": "/api/v1/icebergs/active", "status": 400, "duration_ms": 0.64}
INFO:navigation_api:{"method": "OPTIONS", "path": "/health", "status": 400, "duration_ms": 0.64}
INFO:navigation_api:{"method": "OPTIONS", "path": "/health", "status": 400, "duration_ms": 0.42}
INFO:navigation_api:{"method": "OPTIONS", "path": "/health", "status": 400, "duration_ms": 0.55}
INFO:navigation_api:{"method": "OPTIONS", "path": "/health", "status": 400, "duration_ms": 0.39}
INFO:navigation_api:{"method": "OPTIONS", "path": "/health", "status": 400, "duration_ms": 6.15}
INFO:navigation_api:{"method": "OPTIONS", "path": "/api/v1/forecast/icebergs", "status": 400, "duration_ms": 6.63}
INFO:navigation_api:{"method": "OPTIONS", "path": "/api/v1/compute-routes", "status": 400, "duration_ms": 15.76}
INFO:navigation_api:{"method": "OPTIONS", "path": "/health", "status": 400, "duration_ms": 23.09}
INFO:navigation_api:{"method": "OPTIONS", "path": "/api/v1/forecast/icebergs", "status": 400, "duration_ms": 21.18}
INFO:navigation_api:{"method": "OPTIONS", "path": "/api/v1/compute-routes", "status": 400, "duration_ms": 14.78}
ERROR:asyncio:Exception in callback _ProactorBasePipeTransport._call_connection_lost(None)
handle: <Handle _ProactorBasePipeTransport._call_connection_lost(None)>
Traceback (most recent call last):
  File "C:\Users\souma\AppData\Local\Programs\Python\Python312\Lib\asyncio\events.py", line 88, in _run
    self._context.run(self._callback, *self._args)
  File "C:\Users\souma\AppData\Local\Programs\Python\Python312\Lib\asyncio\proactor_events.py", line 165, in _call_connection_lost
    self._sock.shutdown(socket.SHUT_RDWR)
ConnectionResetError: [WinError 10054] An existing connection was forcibly closed by the remote host
ERROR:asyncio:Exception in callback _ProactorBasePipeTransport._call_connection_lost(None)
handle: <Handle _ProactorBasePipeTransport._call_connection_lost(None)>
Traceback (most recent call last):
  File "C:\Users\souma\AppData\Local\Programs\Python\Python312\Lib\asyncio\events.py", line 88, in _run
    self._context.run(self._callback, *self._args)
  File "C:\Users\souma\AppData\Local\Programs\Python\Python312\Lib\asyncio\proactor_events.py", line 165, in _call_connection_lost
    self._sock.shutdown(socket.SHUT_RDWR)
ConnectionResetError: [WinError 10054] An existing connection was forcibly closed by the remote host
INFO:navigation_api:{"method": "OPTIONS", "path": "/api/v1/icebergs/active", "status": 400, "duration_ms": 0.71}
INFO:navigation_api:{"method": "OPTIONS", "path": "/api/v1/icebergs/active", "status": 400, "duration_ms": 1.09}
INFO:navigation_api:{"method": "OPTIONS", "path": "/health", "status": 400, "duration_ms": 0.73}
INFO:navigation_api:{"method": "OPTIONS", "path": "/health", "status": 400, "duration_ms": 0.89}
INFO:navigation_api:{"method": "OPTIONS", "path": "/health", "status": 400, "duration_ms": 0.69}
INFO:navigation_api:{"method": "OPTIONS", "path": "/health", "status": 400, "duration_ms": 0.9}
INFO:navigation_api:{"method": "OPTIONS", "path": "/health", "status": 400, "duration_ms": 0.47}
