
> himyatra-frontend@1.0.0 dev
> vite --host 127.0.0.1


  VITE v6.4.3  ready in 973 ms

  ➜  Local:   http://127.0.0.1:5173/
3:07:38 pm [vite] (client) hmr update /src/components/Navbar.jsx, /src/index.css
3:07:38 pm [vite] (client) hmr update /src/components/Navbar.jsx, /src/index.css
3:07:53 pm [vite] (client) hmr update /src/components/Navbar.jsx, /src/index.css
3:08:20 pm [vite] (client) hmr update /src/views/LandingPage.jsx, /src/index.css
3:08:45 pm [vite] (client) hmr update /src/views/Dashboard.jsx, /src/index.css
3:09:05 pm [vite] (client) hmr update /src/views/Visualizations.jsx, /src/index.css
3:09:11 pm [vite] (client) hmr update /src/views/Visualizations.jsx, /src/index.css
3:29:40 pm [vite] (client) hmr update /src/index.css
3:31:39 pm [vite] (client) hmr update /src/index.css
3:31:44 pm [vite] (client) page reload index.html
3:31:46 pm [vite] (client) hmr update /src/App.jsx, /src/index.css
3:31:56 pm [vite] (client) hmr update /src/components/Navbar.jsx, /src/index.css
3:32:03 pm [vite] (client) hmr update /src/components/Navbar.jsx, /src/index.css
3:32:09 pm [vite] (client) hmr update /src/components/Navbar.jsx, /src/index.css
3:32:18 pm [vite] (client) hmr update /src/views/LandingPage.jsx, /src/index.css
3:32:21 pm [vite] (client) hmr update /src/views/MissionArchitecture.jsx, /src/index.css
3:32:30 pm [vite] (client) hmr update /src/components/ConsultAIFloatingButton.jsx, /src/index.css
3:32:40 pm [vite] (client) hmr update /src/views/Dashboard.jsx, /src/index.css
3:32:54 pm [vite] (client) hmr update /src/views/AntarcticMap.jsx, /src/index.css
3:33:09 pm [vite] (client) hmr update /src/components/RouteSelector.jsx, /src/index.css
3:33:16 pm [vite] (client) hmr update /src/components/RouteSelector.jsx, /src/index.css
3:33:27 pm [vite] (client) hmr update /src/views/Visualizations.jsx, /src/index.css
3:33:34 pm [vite] (client) hmr update /src/views/Visualizations.jsx, /src/index.css
3:33:50 pm [vite] (client) hmr update /src/views/LandingPage.jsx, /src/index.css
